// Jest Snapshot v1, https://goo.gl/fbAQLP

exports[`Pruebas sobre <HookApp /> component Component render correctly 1`] = `
<div>
  <h1>
    Hola mundo
  </h1>
</div>
`;
